// Jest Snapshot v1, https://goo.gl/fbAQLP

exports[`Testing <GifItem /> component debe de hacer match con el snapshot 1`] = `
<div>
  <div
    class="card"
  >
    <img
      alt="Dragon Ball"
      src="http://dragon-ball.com/dragon.jpg"
    />
    <p>
      Dragon Ball
    </p>
  </div>
</div>
`;
